>>> BaseGeometry = __import__('7-base_geometry').BaseGeometry

Tests:

>>> bg = BaseGeometry()

>>> bg.integer_validator("my_int", 12)

>>> bg.integer_validator("width", 89)

>>> bg.integer_validator("name", "John")
Traceback (most recent call last):
TypeError: name must be an integer

>>> bg.integer_validator("age", 0)
Traceback (most recent call last):
ValueError: age must be greater than 0

>>> bg.integer_validator("distance", -4)
Traceback (most recent call last):
ValueError: distance must be greater than 0

>>> bg.integer_validator("", 4)

>>> bg.area()
Traceback (most recent call last):
Exception: area() is not implemented

>>> bg.integer_validator("name", [1, 2])
Traceback (most recent call last):
TypeError: name must be an integer

>>> bg.integer_validator("name", False)
Traceback (most recent call last):
TypeError: name must be an integer

>>> bg.integer_validator("name", (1, 2))
Traceback (most recent call last):
TypeError: name must be an integer

>>> bg.integer_validator("name", None)
Traceback (most recent call last):
TypeError: name must be an integer

>>> bg.integer_validator(None, None)
Traceback (most recent call last):
TypeError: None must be an integer

>>> bg.integer_validator("None", None)
Traceback (most recent call last):
TypeError: None must be an integer

>>> bg.integer_validator("name", {"a": "jaja", "b": "jaje"})
Traceback (most recent call last):
TypeError: name must be an integer

>>> bg.integer_validator("", -3)
Traceback (most recent call last):
ValueError:  must be greater than 0

>>> bg.integer_validator("", 99998988)

>>> bg.integer_validator("name", [0])
Traceback (most recent call last):
TypeError: name must be an integer

>>> bg.integer_validator("name", 2.55)
Traceback (most recent call last):
TypeError: name must be an integer

>>> bg.integer_validator("hola", {1, 2})
Traceback (most recent call last):
TypeError: hola must be an integer

>>> module_doc = __import__('7-base_geometry').__doc__
>>> print(len(module_doc) > 0)
True

>>> class_doc = __import__('7-base_geometry').BaseGeometry.__doc__
>>> print(len(class_doc) > 0)
True

>>> function_doc = __import__('7-base_geometry').BaseGeometry.area.__doc__
>>> print(len(function_doc) > 0)
True

>>> function_doc = __import__('7-base_geometry').BaseGeometry.integer_validator.__doc__
>>> print(len(function_doc) > 0)
True
